=== OUTPUT ===
=== Fase F: Gerar ASS de Karaoke ===
PROGRESS: 0 | Iniciando...
61 linhas de letra carregadas
11 adlibs carregados de adlibs_timing.json
PROGRESS: 5 | Carregando word_timing_fixed.json...
Modo: Onset DTW Fixed word-level (243 palavras)
PROGRESS: 10 | Indexando alinhamento CTC...
PROGRESS: 20 | Gerando 61 linhas de ASS...
PROGRESS: 20 | Linha 1/61...
PROGRESS: 29 | Linha 11/61...
PROGRESS: 39 | Linha 21/61...
PROGRESS: 49 | Linha 31/61...
PROGRESS: 59 | Linha 41/61...
PROGRESS: 69 | Linha 51/61...
PROGRESS: 79 | Linha 61/61...
PROGRESS: 80 | Eventos ASS gerados
PROGRESS: 83 | Renderizando 11 adlibs...
11 eventos de adlib gerados
PROGRESS: 85 | Escrevendo arquivo ASS...
61 linhas de letra + 11 adlibs (15.3 KB)
PROGRESS: 100 | karaoke.ass gerado — 72 linhas totais
✓ ASS salvo em: C:\Meus Projetos\Audio Karaoke\karaoke-mfa-multi\work\jobs\85f3d289e17d8bb79c9be4f5df87d83af22f5aff51d8bc244cd03e48d3492512\06_ass\karaoke.ass
