=== OUTPUT ===
=== Fase I: Render Video Karaoke ===
PROGRESS: 0 | Iniciando render...
Audio: guide.mp3 (mixado)
PROGRESS: 5 | Detectando duração do áudio...
ASS:      C:\Meus Projetos\Audio Karaoke\karaoke-mfa-multi\work\jobs\85f3d289e17d8bb79c9be4f5df87d83af22f5aff51d8bc244cd03e48d3492512\06_ass\karaoke.ass
Duração:  60.0s
PROGRESS: 8 | Copiando ASS para path temporário (espaços no path)...
ASS temp: C:\Users\Lu\AppData\Local\Temp\kstudio_n4kmw8e_\karaoke.ass
PROGRESS: 10 | Iniciando encode (60s de video)...
CMD: ffmpeg -y -hide_banner -f lavfi -i color=c=#08090f:s=1280x720:d=60.0,format=yuv420p -i C:\Meus Projetos\Audio Karaoke\karaoke-mfa-multi\work\jobs\85f3d289e17d8bb79c9be4f5df87d83af22f5aff51d8bc244cd03e48d3492512\08_mixed\guide.mp3 -vf subtitles='C\:/Users/Lu/AppData/Local/Temp/kstudio_n4kmw8e_/karaoke.ass' -c:v libx264 -preset superfast -crf 23 -c:a aac -b:a 192k -t 60.0 -progress pipe:1 C:\Meus Projetos\Audio Karaoke\karaoke-mfa-multi\work\jobs\85f3d289e17d8bb79c9be4f5df87d83af22f5aff51d8bc244cd03e48d3492512\07_video\karaoke_preview.mp4
PROGRESS: 24 | Codificando 0:09 / 1:00
PROGRESS: 40 | Codificando 0:20 / 1:00
PROGRESS: 59 | Codificando 0:33 / 1:00
PROGRESS: 77 | Codificando 0:45 / 1:00
PROGRESS: 96 | Codificando 0:59 / 1:00
PROGRESS: 97 | Codificando 0:59 / 1:00
PROGRESS: 98 | Finalizando arquivo...
PROGRESS: 100 | Video gerado — 1.6 MB
✓ Vídeo salvo em: C:\Meus Projetos\Audio Karaoke\karaoke-mfa-multi\work\jobs\85f3d289e17d8bb79c9be4f5df87d83af22f5aff51d8bc244cd03e48d3492512\07_video\karaoke_preview.mp4
Tamanho: 1.6 MB
