=== OUTPUT ===
=== Fase I: Render Video Karaoke ===
PROGRESS: 0 | Iniciando render...
Audio: guide.mp3 (mixado)
PROGRESS: 5 | Detectando duração do áudio...
ASS:      C:\Meus Projetos\Audio Karaoke\karaoke-mfa-multi\work\jobs\7f745899c3212fba231154feb79e4b249e64f38582e915bacfd1cc7109b7350a\06_ass\karaoke.ass
Duração:  378.9s
PROGRESS: 8 | Copiando ASS para path temporário (espaços no path)...
ASS temp: C:\Users\Lu\AppData\Local\Temp\kstudio_nnilfuoa\karaoke.ass
PROGRESS: 10 | Iniciando encode (379s de video)...
CMD: ffmpeg -y -hide_banner -f lavfi -i color=c=#08090f:s=1280x720:d=378.88,format=yuv420p -i C:\Meus Projetos\Audio Karaoke\karaoke-mfa-multi\work\jobs\7f745899c3212fba231154feb79e4b249e64f38582e915bacfd1cc7109b7350a\08_mixed\guide.mp3 -vf subtitles='C\:/Users/Lu/AppData/Local/Temp/kstudio_nnilfuoa/karaoke.ass' -c:v libx264 -preset superfast -crf 23 -c:a aac -b:a 192k -t 378.88 -progress pipe:1 C:\Meus Projetos\Audio Karaoke\karaoke-mfa-multi\work\jobs\7f745899c3212fba231154feb79e4b249e64f38582e915bacfd1cc7109b7350a\07_video\karaoke_preview.mp4
PROGRESS: 12 | Codificando 0:09 / 6:18
PROGRESS: 14 | Codificando 0:20 / 6:18
PROGRESS: 18 | Codificando 0:34 / 6:18
PROGRESS: 21 | Codificando 0:48 / 6:18
PROGRESS: 24 | Codificando 1:03 / 6:18
PROGRESS: 28 | Codificando 1:18 / 6:18
PROGRESS: 30 | Codificando 1:26 / 6:18
PROGRESS: 31 | Codificando 1:33 / 6:18
PROGRESS: 33 | Codificando 1:41 / 6:18
PROGRESS: 35 | Codificando 1:49 / 6:18
PROGRESS: 37 | Codificando 1:56 / 6:18
PROGRESS: 39 | Codificando 2:06 / 6:18
PROGRESS: 41 | Codificando 2:15 / 6:18
PROGRESS: 44 | Codificando 2:26 / 6:18
PROGRESS: 46 | Codificando 2:39 / 6:18
PROGRESS: 48 | Codificando 2:46 / 6:18
PROGRESS: 51 | Codificando 2:58 / 6:18
PROGRESS: 54 | Codificando 3:12 / 6:18
PROGRESS: 57 | Codificando 3:24 / 6:18
PROGRESS: 60 | Codificando 3:35 / 6:18
PROGRESS: 62 | Codificando 3:47 / 6:18
PROGRESS: 65 | Codificando 4:00 / 6:18
PROGRESS: 68 | Codificando 4:12 / 6:18
PROGRESS: 71 | Codificando 4:24 / 6:18
PROGRESS: 74 | Codificando 4:36 / 6:18
PROGRESS: 76 | Codificando 4:47 / 6:18
PROGRESS: 80 | Codificando 5:02 / 6:18
PROGRESS: 83 | Codificando 5:17 / 6:18
PROGRESS: 86 | Codificando 5:30 / 6:18
PROGRESS: 88 | Codificando 5:38 / 6:18
PROGRESS: 90 | Codificando 5:48 / 6:18
PROGRESS: 93 | Codificando 5:57 / 6:18
PROGRESS: 96 | Codificando 6:11 / 6:18
PROGRESS: 97 | Codificando 6:18 / 6:18
PROGRESS: 98 | Finalizando arquivo...
PROGRESS: 100 | Video gerado — 10.2 MB
✓ Vídeo salvo em: C:\Meus Projetos\Audio Karaoke\karaoke-mfa-multi\work\jobs\7f745899c3212fba231154feb79e4b249e64f38582e915bacfd1cc7109b7350a\07_video\karaoke_preview.mp4
Tamanho: 10.2 MB
