=== OUTPUT ===
=== Fase F: Gerar ASS de Karaoke ===
PROGRESS: 0 | Iniciando...
61 linhas de letra carregadas
0 adlibs carregados de adlibs_timing.json
PROGRESS: 5 | Carregando word_timing_fixed.json...
Modo: Onset DTW Fixed word-level (243 palavras)
PROGRESS: 10 | Indexando alinhamento CTC...
PROGRESS: 20 | Gerando 61 linhas de ASS...
PROGRESS: 20 | Linha 1/61...
PROGRESS: 29 | Linha 11/61...
PROGRESS: 39 | Linha 21/61...
PROGRESS: 49 | Linha 31/61...
PROGRESS: 59 | Linha 41/61...
PROGRESS: 69 | Linha 51/61...
PROGRESS: 79 | Linha 61/61...
PROGRESS: 80 | Eventos ASS gerados
PROGRESS: 85 | Escrevendo arquivo ASS...
61 linhas de letra + 0 adlibs (13.9 KB)
PROGRESS: 100 | karaoke.ass gerado — 61 linhas totais
✓ ASS salvo em: C:\Meus Projetos\Audio Karaoke\karaoke-mfa-multi\work\jobs\7f745899c3212fba231154feb79e4b249e64f38582e915bacfd1cc7109b7350a\06_ass\karaoke.ass
